Line 1
Line 2 is a bit longer and wraps
Line 3
